71 93
-1 -1
-1 -1
1 27
-1 -1
-1 -1
-1 -1
-1 -1
94 99
28 70
