-1 -1
1 25
-1 -1
30 80
-1 -1
-1 -1
81 93
-1 -1
-1 -1
81 87
