94 94
-1 -1
-1 -1
74 83
84 94
-1 -1
62 73
-1 -1
10 30
38 61
