-1 -1
4 68
-1 -1
69 93
-1 -1
94 99
100 100
95 99
-1 -1
69 76
