-1 -1
-1 -1
-1 -1
98 98
-1 -1
-1 -1
5 44
45 89
90 97
-1 -1
