97 100
-1 -1
97 97
-1 -1
-1 -1
-1 -1
-1 -1
10 71
72 96
-1 -1
